// Jest Snapshot v1, https://goo.gl/fbAQLP

exports[`Test for App component should render correctly 1`] = `
<div>
  <Connect(Navbar)>
    <Errorboundary>
      <Body />
    </Errorboundary>
  </Connect(Navbar)>
</div>
`;
