// Jest Snapshot v1, https://goo.gl/fbAQLP

exports[`Test for NotFoundPage component should render correctly 1`] = `
<div>
  <div
    className="container notFound-body"
  >
    <br />
    <h1
      className="text-center"
    >
      <strong>
         404 
      </strong>
    </h1>
    <br />
    <h3
      className="text-center mb-10"
    >
      The resource you are looking for does not exist, or has been taken off the catalogue
    </h3>
  </div>
  <br />
  <Footer />
</div>
`;
