// Jest Snapshot v1, https://goo.gl/fbAQLP

exports[`SearchPage component should render correctly 1`] = `<NotFoundPage />`;

exports[`SearchPage component should render loading gif is recipe is being fetched 1`] = `
<div
  className="container loading-icon-container"
>
  <div
    className="text-center mt-30 loading-icon"
  >
    <Loading
      color={null}
      singleColor={null}
      size={100}
    />
  </div>
</div>
`;

exports[`SearchPage component should render loading gif is recipe is being fetched 2`] = `
<div>
  <div
    className="container"
  >
    <div
      className="container"
    >
      <br />
      <div
        className="row"
      >
        <div
          className="col-md-6 col-sm-8"
        >
          <div
            className="image-container"
          >
            <img
              alt="name"
              className="img-thumbnail img-fluid"
              height="50"
              width="50"
            />
          </div>
        </div>
        <div
          className="col-md-6 container"
        >
          <h2
            className="text-left recipe-details-name ml-5"
          >
            Name
          </h2>
          <h5
            className="text-left recipe-details-description ml-5"
          >
            Description
          </h5>
          <h5
            className="text-left ml-5 recipe-detail-user"
          >
             
            <small>
               By: 
               
            </small>
          </h5>
          <div
            className="actions ml-5 mb-3"
          >
            <div
              className="container text-left"
            >
              <span
                className="mr-3"
              >
                <i
                  className="far fa-thumbs-up"
                />
                <span>
                   
                </span>
                 
              </span>
              <span
                className="mr-3"
              >
                <i
                  className="far fa-thumbs-down"
                />
                <span>
                   
                </span>
                 
              </span>
              <span>
                <i
                  className="far fa-heart"
                />
                <span>
                   
                </span>
                 
              </span>
            </div>
          </div>
          <br />
          <h5
            className="text-left ml-5 mb-3"
          >
            INGREDIENTS
          </h5>
          <hr />
          <ul
            className="align-left container"
          >
            <li
              className="list-group-item text-left"
              key="ingredient 1"
            >
              Ingredient
            </li>
            <li
              className="list-group-item text-left"
              key="ingredient 2"
            >
               ingredient
            </li>
          </ul>
        </div>
        <div
          className="container mt-3 mb-3 text-left"
        >
          <h5
            className="text-left "
          >
            DIRECTIONS
          </h5>
          <hr />
          Direction
        </div>
      </div>
      <br />
      <div
        className="container-fluid"
        id="review-body"
      >
        <h5
          className="text-left mt-3 mb-3 ml-5"
        >
          REVIEWS
        </h5>
        <div
          className="add-review-form align-center"
        >
          <br />
        </div>
        <div
          className="container review-body"
        >
          <Connect(Reviews)
            recipeId={1}
          />
        </div>
      </div>
    </div>
  </div>
  <Footer />
</div>
`;
