// Jest Snapshot v1, https://goo.gl/fbAQLP

exports[`UserRecipePage component should render correctly 1`] = `
<div>
  <br />
  <div
    className="container"
  >
    <h2
      className="text-center mb-3 mt-3 allRecipes-title"
    >
      My Recipes
    </h2>
    <div
      className="row"
    >
      <div
        className="col-sm-12 col-md-6 col-lg-4"
        key="undefined"
      >
        <Connect(RecipeItem)
          onDelete={[MockFunction]}
          owner="Me"
          userRecipeCard="user"
        />
        <br />
      </div>
      <div
        className="col-sm-12 col-md-6 col-lg-4"
        key="undefined"
      >
        <Connect(RecipeItem)
          onDelete={[MockFunction]}
          owner="Me"
          userRecipeCard="user"
        />
        <br />
      </div>
    </div>
    <div
      className="container"
    >
      <PaginationBoxView
        activeClassName="page-item active"
        breakClassName="text-center"
        breakLabel="..."
        containerClassName="container pagination justify-content-center"
        disableInitialCallback={false}
        disabledClassName="disabled"
        initialPage={0}
        marginPagesDisplayed={3}
        nextClassName="page-item"
        nextLabel="Next"
        nextLinkClassName="page-link"
        onPageChange={[Function]}
        pageClassName="page-item"
        pageCount={10}
        pageLinkClassName="page-link"
        pageRangeDisplayed={5}
        previousClassName="page-item"
        previousLabel="Previous"
        previousLinkClassName="page-link"
      />
    </div>
  </div>
  <Footer />
</div>
`;
